
> blocksage@0.1.0 build
> next build

Γû▓ Next.js 16.2.1 (Turbopack)
- Environments: .env.local

  Creating an optimized production build ...
Γ£ô Compiled successfully in 5.4s
  Running TypeScript ...
node.exe : Failed to type check.
At C:\Users\hurtc\AppData\Roaming\npm\npm
.ps1:24 char:5
+     & "node$exe"  "$basedir/node_module
s/npm/bin/npm-cli.js" $args
+     ~~~~~~~~~~~~~~~~~~~~~~~~~~~~~~~~~~~
~~~~~~~~~~~~~~~~~~~~~~~~~~~
    + CategoryInfo          : NotSpecifi 
   ed: (Failed to type check.:String) [  
  ], RemoteException
    + FullyQualifiedErrorId : NativeComm 
   andError
 

./src/app/page.tsx:313:68
Type error: Type '{ children: (string | 
Element)[]; variant: "primary"; onClick: 
() => Promise<void>; }' is not 
assignable to type 'IntrinsicAttributes 
& { children: ReactNode; variant?: 
"primary" | "secondary" | undefined; }'.
  Property 'onClick' does not exist on 
type 'IntrinsicAttributes & { children: 
ReactNode; variant?: "primary" | 
"secondary" | undefined; }'.

  [90m311 |[0m ...
  [90m312 |[0m ...      <div 
className=[32m"flex items-center gap-3 
md:justify-end"[0m>
[31m[1m>[0m [90m313 |[0m ...        
 <[33mMagneticButton[0m 
variant=[32m"primary"[0m onClick={() 
=> scan(query)}>
  [90m    |[0m                         
                      [31m[1m^[0m
  [90m314 |[0m ...            
{isScanning ? (
  [90m315 |[0m ...               
<motion.div animate={{ rotate: 
[35m360[0m }} transition={{ duration: 
[35m1[0m, repeat..[33m.[0m
  [90m316 |[0m ...                  
<[33mActivity[0m className=[32m"h-4 
w-4"[0m />
Next.js build worker exited with code: 1 
and signal: null
